---
source: src/prop_browser/browser.rs
expression: "draw_property_browser(sample_metadata(), sample_root_object(), None,)"
---
"┌───────────────────────────VmPoweredOnEvent : 42────────────────────────────┐"
"│> ▶ config: {...}                                                           │"
"│    name: "demo-vm"                                                         │"
"│                                                                            │"
"│                                                                            │"
"│                                                                            │"
"│                                                                            │"
"│                                                                            │"
"│                                                                            │"
"│                                                                            │"
"│                                                                            │"
"│                                                                            │"
"│                                                                            │"
"│                                                                            │"
"│                                                                            │"
"│                                                                            │"
"│                                                                            │"
"│                                                                            │"
"│                                                                            │"
"└ vTUI version: 0.2.4 ──────────────────→ - expand, ← - collapse, ↑↓ - scroll┘"
