---
source: src/resource_browser/resource_table.rs
expression: "draw_vm_table(&mut mock, outer_width_for_columns_budget(55))"
---
"┌────────────────Virtual Machines (all)[1]─────────────────┐"
"│  ID           S  P  Name                 OS             █│"
"│▶ vm-1001      ●  ●  production-database- Ubuntu Linux 64█│"
"│                                                         █│"
"│                                                         █│"
"│                                                         █│"
"│                                                         █│"
"│                                                         █│"
"│                                                         █│"
"│                                                         █│"
"│                                                         █│"
"│                                                         █│"
"│                                                         █│"
"└ vTUI version: 0.2.7 ──────────────────────────↑↓ - scroll┘"
