---
source: src/resource_browser/resource_table.rs
assertion_line: 331
expression: "draw_table(&mut mock, &parent, &mut state, 80, 16)"
---
"┌──────────────Mock VMs (filter: gamma)[1] - Cluster: lab-cluster──────────────┐"
"│  ID                       Name▲                     Note                    █│"
"│▶ vm-9                     gamma                     ok                      █│"
"│                                                                             █│"
"│                                                                             █│"
"│                                                                             █│"
"│                                                                             █│"
"│                                                                             █│"
"│                                                                             █│"
"│                                                                             █│"
"│                                                                             █│"
"│                                                                             █│"
"│                                                                             █│"
"│                                                                             █│"
"│                                                                             █│"
"└ vTUI version: 0.2.7 ─Esc - clear filter───────────────────────────↑↓ - scroll┘"
