---
source: src/resource_browser/resource_table.rs
expression: "draw_vm_table(&mut mock, outer_width_for_columns_budget(68))"
---
"┌───────────────────────Virtual Machines (all)[1]───────────────────────┐"
"│  ID           S  P  Name                 OS              Used Space  █│"
"│▶ vm-1001      ●  ●  production-database- Ubuntu Linux 64 120.5 GB    █│"
"│                                                                      █│"
"│                                                                      █│"
"│                                                                      █│"
"│                                                                      █│"
"│                                                                      █│"
"│                                                                      █│"
"│                                                                      █│"
"│                                                                      █│"
"│                                                                      █│"
"│                                                                      █│"
"└ vTUI version: 0.2.7 ───────────────────────────────────────↑↓ - scroll┘"
