---
source: src/host_summary_ui.rs
expression: "render_snapshot(&mut ui, 100, 28)"
---
"                                                                                                    "
"                                                                                                    "
"                                                                                                    "
"                                                                                                    "
"  ╭ Host summary — /dc/host/cluster/esxi-lab ────────────────────────────────────────────────────╮  "
"  │Host: esxi-lab (host-9)                               Connection: Connected                  █│  "
"  │Status/Power: ●  Up (0d 1h)                           CPU usage: 1.2 GHz                     █│  "
"  │Memory usage: 8.0G                                    HW memory: 128G                        █│  "
"  │Vendor / model: VendorCo Gen12                        CPU model: Xeon Gold                   █│  "
"  │CPU pkgs/cores/thr: 2 / 24 / 48                       CPU rated: 2.4 GHz                     █│  "
"  │                                                                                             █│  "
"  │Memory tiering                                                                               █│  "
"  │Name                    Type             Size       Flags                                    █│  "
"  │Tier0                   dram              64G       fast                                     █│  "
"  │                                                                                             █│  "
"  │Graphics                                                                                     █│  "
"  │Device                               Vendor                      Type       VRAM     VMs     █│  "
"  │gpu0                                 NVIDIA                      sharedPas…  16M     0       ║│  "
"  │                                                                                             ║│  "
"  │Physical NICs                                                                                ║│  "
"  │Device                 Driver            MAC                  Speed/Dup   PCI             WOL║│  "
"  │vmnic0                 bnxtnet           00:11:22:33:44:55     10G F      0000:04:00.0    Y  ║│  "
"  ╰Esc/q close  ↑/↓ scroll  PgUp/PgDn page  g/G top/bottom  Ctrl-b/f page────────────────────────╯  "
"                                                                                                    "
"                                                                                                    "
"                                                                                                    "
"                                                                                                    "
"                                                                                                    "
