---
source: src/host_summary_ui.rs
expression: "render_snapshot(&mut ui, 80, 18)"
---
"                                                                                "
"                                                                                "
"                                                                                "
"  ╭ Host summary ────────────────────────────────────────────────────────────╮  "
"  │                                                                          │  "
"  │                            Loading host summary…                         │  "
"  │                                                                          │  "
"  │                                                                          │  "
"  │                                                                          │  "
"  │                                                                          │  "
"  │                                                                          │  "
"  │                                                                          │  "
"  │                                                                          │  "
"  ╰Esc / q close─────────────────────────────────────────────────────────────╯  "
"                                                                                "
"                                                                                "
"                                                                                "
"                                                                                "
